[
  {
    placeholder: 'Try “when was I startled while reading?”',
    type: 'text'
  }
]
lter memories by date
All dates
Sep 20, 2026
Sep 19, 2026
Sep 18, 2026
⌄

MEMORYPALACE / EXPLORE

Your collection.

Find a moment, revisit the details, and keep what matters to you.

ALL
LIVE CAPTURE
SURPRISE
EXCITEMENT
INSIGHT
ERROR
LOAD
INTENSITY
Any
Critical · red · ≥ 85%
High · orange · 70–84%
Moderate · yellow · 55–69%
Weak · green · < 55%
MODALITY
Any
EEG
Video
DATE
Any
Today
Last 48 hours
SESSION
Any session
20260919-215925-826470
20260919-220509-568521
20260919-222323-246009
20260919-231715-996977
20260920-010826-461093
20260920-024534-905462
legacy-import
ORDER
Time · session order
Intensity · strongest first
Search moments

SEARCHING COGNITIVE MEMORY…

SESSION TIMELINE

1929m 16s · 3 shown of 17 captured

WEAK
MODERATE
HIGH
CRITICAL
6:46 PM
2:55 AM

3 moments

MOMENT + PREVIEW	TIME	EVENT TYPE	INTENSITY	MODALITIES	STATUS

Close-up of laptop keyboard and trackpad

Static close-up view of a dark laptop showing lower keyboard rows and upper trackpad. Visible black keys include space bar, command, option, arrow key, and letters B, N, M, H, J, K, L. Trackpad surface fills lower frame. Top edge shows out-of-focus screen display. No hands or movement visible.

	Sep 19, 8:47 AM	Sustained Load	
Critical
95%
	Video	Candidate

Laptop open during HackMIT 2026 presentation at MIT

First-person view of a laptop on a lap in a seated audience at HackMIT 2026 at the Massachusetts Institute of Technology. Foreground shows laptop keyboard and screen displaying a code editor file explorer with folders and files including README.md and results.json, with a leg in khaki shorts beside the laptop. Background shows blurred rows of seated attendees in chairs facing an illuminated stage with standing figures in an indoor auditorium with warm lighting.

	Sep 19, 10:41 AM	Sustained Load	
Weak
50%
	Video	Candidate

HackMIT Diamond Sponsors Presentation in Auditorium

Close-up of a black backlit laptop keyboard showing keys R through M, then view pans across a dim indoor auditorium at MIT during HackMIT. Audience seated facing a wooden stage with two people at podiums on the left. Large projection screen displays 'DIAMOND SPONSORS' with a graphic. White 'HACK' letters on stage floor, wood-paneled walls, distinctive wavy illuminated ceiling panels, open laptops in audience, and a bag on floor. Footage includes motion blur and lighting shifts as viewpoint pans. Transcript records welcoming diamond sponsors.

	Sep 19, 10:53 AM	Sustained Load	
Weak
50%
	Video	Candidate
Memory Guard
