{
  "input": "/Users/namai/Documents/Project/HackMIT/presentation/revised/Memorypalace-HackMIT.pptx",
  "outputDir": "/Users/namai/Documents/Project/HackMIT/presentation/.rebuild/final-previews",
  "slideCount": 14,
  "paths": [
    "/Users/namai/Documents/Project/HackMIT/presentation/.rebuild/final-previews/slide-1.png",
    "/Users/namai/Documents/Project/HackMIT/presentation/.rebuild/final-previews/slide-2.png",
    "/Users/namai/Documents/Project/HackMIT/presentation/.rebuild/final-previews/slide-3.png",
    "/Users/namai/Documents/Project/HackMIT/presentation/.rebuild/final-previews/slide-4.png",
    "/Users/namai/Documents/Project/HackMIT/presentation/.rebuild/final-previews/slide-5.png",
    "/Users/namai/Documents/Project/HackMIT/presentation/.rebuild/final-previews/slide-6.png",
    "/Users/namai/Documents/Project/HackMIT/presentation/.rebuild/final-previews/slide-7.png",
    "/Users/namai/Documents/Project/HackMIT/presentation/.rebuild/final-previews/slide-8.png",
    "/Users/namai/Documents/Project/HackMIT/presentation/.rebuild/final-previews/slide-9.png",
    "/Users/namai/Documents/Project/HackMIT/presentation/.rebuild/final-previews/slide-10.png",
    "/Users/namai/Documents/Project/HackMIT/presentation/.rebuild/final-previews/slide-11.png",
    "/Users/namai/Documents/Project/HackMIT/presentation/.rebuild/final-previews/slide-12.png",
    "/Users/namai/Documents/Project/HackMIT/presentation/.rebuild/final-previews/slide-13.png",
    "/Users/namai/Documents/Project/HackMIT/presentation/.rebuild/final-previews/slide-14.png"
  ]
}
