MemoryPalace
Home
Explore
Share
Live
Debug
Filter memories by date
All dates
Sep 20, 2026
Sep 19, 2026
Sep 18, 2026
⌄

MEMORYPALACE / EXPLORE

Your collection.

Find a moment, revisit the details, and keep what matters to you.

ALL
LIVE CAPTURE
SURPRISE
EXCITEMENT
INSIGHT
ERROR
LOAD
INTENSITY
Any
Critical · red · ≥ 85%
High · orange · 70–84%
Moderate · yellow · 55–69%
Weak · green · < 55%
MODALITY
Any
EEG
Video
DATE
Any
Today
Last 48 hours
SESSION
Any session
20260919-215925-826470
20260919-220509-568521
20260919-222323-246009
20260919-231715-996977
20260920-010826-461093
20260920-024534-905462
legacy-import
ORDER
Time · session order
Intensity · strongest first
Search moments

SEARCHING COGNITIVE MEMORY…

SESSION TIMELINE

1929m 16s · 3 shown of 17 captured

WEAK
MODERATE
HIGH
CRITICAL
6:46 PM
2:55 AM

3 moments

MOMENT + PREVIEW	TIME	EVENT TYPE	INTENSITY	MODALITIES	STATUS

Close-up of laptop keyboard and trackpad

Static close-up view of a dark laptop showing lower keyboard rows and upper trackpad. Visible black keys include space bar, command, option, arrow key, and letters B, N, 
