{
  "input": "/Users/namai/Documents/Project/HackMIT/presentation/revised-v2/Memorypalace-HackMIT-updated.pptx",
  "outputDir": "/Users/namai/Documents/Project/HackMIT/presentation/.revision-v2/final-previews",
  "slideCount": 17,
  "paths": [
    "/Users/namai/Documents/Project/HackMIT/presentation/.revision-v2/final-previews/slide-1.png",
    "/Users/namai/Documents/Project/HackMIT/presentation/.revision-v2/final-previews/slide-2.png",
    "/Users/namai/Documents/Project/HackMIT/presentation/.revision-v2/final-previews/slide-3.png",
    "/Users/namai/Documents/Project/HackMIT/presentation/.revision-v2/final-previews/slide-4.png",
    "/Users/namai/Documents/Project/HackMIT/presentation/.revision-v2/final-previews/slide-5.png",
    "/Users/namai/Documents/Project/HackMIT/presentation/.revision-v2/final-previews/slide-6.png",
    "/Users/namai/Documents/Project/HackMIT/presentation/.revision-v2/final-previews/slide-7.png",
    "/Users/namai/Documents/Project/HackMIT/presentation/.revision-v2/final-previews/slide-8.png",
    "/Users/namai/Documents/Project/HackMIT/presentation/.revision-v2/final-previews/slide-9.png",
    "/Users/namai/Documents/Project/HackMIT/presentation/.revision-v2/final-previews/slide-10.png",
    "/Users/namai/Documents/Project/HackMIT/presentation/.revision-v2/final-previews/slide-11.png",
    "/Users/namai/Documents/Project/HackMIT/presentation/.revision-v2/final-previews/slide-12.png",
    "/Users/namai/Documents/Project/HackMIT/presentation/.revision-v2/final-previews/slide-13.png",
    "/Users/namai/Documents/Project/HackMIT/presentation/.revision-v2/final-previews/slide-14.png",
    "/Users/namai/Documents/Project/HackMIT/presentation/.revision-v2/final-previews/slide-15.png",
    "/Users/namai/Documents/Project/HackMIT/presentation/.revision-v2/final-previews/slide-16.png",
    "/Users/namai/Documents/Project/HackMIT/presentation/.revision-v2/final-previews/slide-17.png"
  ]
}
